
<!DOCTYPE html>
<html><body>
<a href="http://localhost:8000/abc">http://localhost:8000/abc</a>
<br> -> <br>
<a href="http://therealplato.com">http://therealplato.com</a>
</body></html>
