<!DOCTYPE html>
<html>
<head><title>short.link</title>
<style>
	body, input{
		max-width:80em;
		margin: auto;
		display: block;
	}
	input[type="text"] {
		width: 100%;
		margin: 5em auto 1em auto;
	}
	input[type="submit"] {
		width: 20%;
    height: 4em;
    font-size: 1.5em;
	}
</style>
</head>
<body>
	<form action="create" method="post">
		<input type="text" name="slug" placeholder="slug (leave blank for random)">
		<input type="text" name="link" placeholder="https://github.com/therealplato/shortlink/issues">
		<input type="submit" value="Shorten">
	</form>
</body>
</html>